// Jest Snapshot v1, https://goo.gl/fbAQLP

exports[`Los test del Registro Snapshot del REGISTRO 1`] = `undefined`;
